// Jest Snapshot v1, https://goo.gl/fbAQLP

exports[`Calendar should be able match snapshot 1`] = `
.c0 {
  position: relative;
}

.c1 {
  display: -webkit-box;
  display: -webkit-flex;
  display: -ms-flexbox;
  display: flex;
  -webkit-align-items: center;
  -webkit-box-align: center;
  -ms-flex-align: center;
  align-items: center;
  background: transparent;
  border: 0;
  color: #a1a7ae;
  -webkit-transition: 300ms;
  transition: 300ms;
}

.c1 svg:last-child {
  -webkit-transition: 300ms;
  transition: 300ms;
}

.c1:hover {
  color: #393e48;
}

.c1 > span {
  margin: 0 1rem;
}

<div>
  <div
    class="c0"
  >
    <button
      class="c1"
    >
      <svg
        fill="currentColor"
        height="24"
        stroke="currentColor"
        stroke-width="0"
        viewBox="0 0 1024 1024"
        width="24"
        xmlns="http://www.w3.org/2000/svg"
      >
        <path
          d="M880 184H712v-64c0-4.4-3.6-8-8-8h-56c-4.4 0-8 3.6-8 8v64H384v-64c0-4.4-3.6-8-8-8h-56c-4.4 0-8 3.6-8 8v64H144c-17.7 0-32 14.3-32 32v664c0 17.7 14.3 32 32 32h736c17.7 0 32-14.3 32-32V216c0-17.7-14.3-32-32-32zm-40 656H184V460h656v380zM184 392V256h128v48c0 4.4 3.6 8 8 8h56c4.4 0 8-3.6 8-8v-48h256v48c0 4.4 3.6 8 8 8h56c4.4 0 8-3.6 8-8v-48h128v136H184z"
        />
      </svg>
      <span>
        28 Feb, 2022
      </span>
      <svg
        fill="none"
        height="1em"
        stroke="currentColor"
        stroke-linecap="round"
        stroke-linejoin="round"
        stroke-width="2"
        viewBox="0 0 24 24"
        width="1em"
        xmlns="http://www.w3.org/2000/svg"
      >
        <polyline
          points="6 9 12 15 18 9"
        />
      </svg>
    </button>
  </div>
  <div
    class="Toastify"
  />
</div>
`;
