// Jest Snapshot v1, https://goo.gl/fbAQLP

exports[`Button should be able match snapshot 1`] = `
.c1 {
  height: 3rem;
  width: 3rem;
  border-radius: 0.5rem;
  display: grid;
  place-items: center;
  color: #ffffff;
  background: #4361ee;
}

.c0 {
  border-radius: 0.5rem;
  border: 0.1rem solid #cfd7e3;
  background: transparent;
  display: -webkit-box;
  display: -webkit-flex;
  display: -ms-flexbox;
  display: flex;
  -webkit-align-items: center;
  -webkit-box-align: center;
  -ms-flex-align: center;
  align-items: center;
  font-size: 1.4rem;
  font-weight: 500;
  color: #4d4f51;
  text-align: center;
  -webkit-transition: 300ms;
  transition: 300ms;
  padding: 1.2rem;
}

.c0 span {
  -webkit-flex: 1;
  -ms-flex: 1;
  flex: 1;
  margin-left: -1.5rem;
}

.c0:hover {
  background: #eef1f5;
}

<div>
  <button
    class="c0"
  >
    <div
      class="c1"
    >
      <svg
        fill="none"
        height="1em"
        stroke="currentColor"
        stroke-linecap="round"
        stroke-linejoin="round"
        stroke-width="2"
        viewBox="0 0 24 24"
        width="1em"
        xmlns="http://www.w3.org/2000/svg"
      >
        <polyline
          points="20 6 9 17 4 12"
        />
      </svg>
    </div>
    <span>
      Click me
    </span>
  </button>
</div>
`;
