// Jest Snapshot v1, https://goo.gl/fbAQLP

exports[`Checkbox should be able match snapshot 1`] = `
.c0 {
  display: -webkit-box;
  display: -webkit-flex;
  display: -ms-flexbox;
  display: flex;
  -webkit-align-items: center;
  -webkit-box-align: center;
  -ms-flex-align: center;
  align-items: center;
}

.c0 input {
  background: #ffffff;
  border: 0.1rem solid #a1a7ae;
  border-radius: 0.5rem;
  cursor: pointer;
  display: -webkit-box;
  display: -webkit-flex;
  display: -ms-flexbox;
  display: flex;
  -webkit-align-items: center;
  -webkit-box-align: center;
  -ms-flex-align: center;
  align-items: center;
  -webkit-box-pack: center;
  -webkit-justify-content: center;
  -ms-flex-pack: center;
  justify-content: center;
  -webkit-appearance: none;
  -moz-appearance: none;
  appearance: none;
  width: 1.8rem;
  height: 1.8rem;
  -webkit-transition: 300ms;
  transition: 300ms;
}

.c0 input::before {
  content: '';
  width: 100%;
  height: 100%;
  opacity: 0;
  -webkit-animation: jBcSpD 300ms;
  animation: jBcSpD 300ms;
  border-radius: 0.5rem;
  background: url('data:image/svg+xml; utf8, <svg viewBox="0 0 18 18" fill="none" xmlns="http://www.w3.org/2000/svg"><path d="M16 0H2C0.9 0 0 0.9 0 2V16C0 17.1 0.9 18 2 18H16C17.1 18 18 17.1 18 16V2C18 0.9 17.1 0 16 0ZM7.71 13.29C7.32 13.68 6.69 13.68 6.3 13.29L2.71 9.7C2.32 9.31 2.32 8.68 2.71 8.29C3.1 7.9 3.73 7.9 4.12 8.29L7 11.17L13.88 4.29C14.27 3.9 14.9 3.9 15.29 4.29C15.68 4.68 15.68 5.31 15.29 5.7L7.71 13.29Z" fill="white"/></svg>') no-repeat;
}

.c0 input:-moz-read-only {
  pointer-events: none;
}

.c0 input:read-only {
  pointer-events: none;
}

.c0 input:focus {
  box-shadow: 0 0 0 0.2rem #cfd7e3;
  border: 0.1rem solid #cfd7e3;
}

.c0 input:checked {
  background: #a1a7ae;
}

.c0 input:checked::before {
  opacity: 1;
}

.c0 label {
  margin-left: 0.8rem;
  color: #a1a7ae;
}

<div>
  <div
    class="c0"
  >
    <input
      aria-label="Checkbox"
      type="checkbox"
    />
    <label>
      Checkbox
    </label>
  </div>
  <div
    class="Toastify"
  />
</div>
`;
